```thelanguage
theValue
```
<sup>[snippet source](thePath#L1-L2)</sup>
