{
  targetDirectory: 'TheTargetDirectory',
  exclude: [
    'dir1',
    'dir2'
  ]
}