\one.md
<!-- snippet: snippet1 -->
```.cs
the code from snippet1
```
<!-- endsnippet -->


\one.source.md
snippet: snippet1

\two.md
<!-- snippet: snippet2 -->
```.cs
the code from snippet2
```
<!-- endsnippet -->


\source\two.source.md
snippet: snippet2

