[
  {
    Key: 'appveyor.yml',
    Language: 'yml',
    Value: 'image: Visual Studio 2019\nskip_commits:\n  message: /doco|Merge pull request.*/\nbuild_script:\n- ps: >-\n    dotnet build src --configuration Release\n\n    dotnet test src --configuration Release --no-build --no-restore\ntest: off\nartifacts:\n- path: nugets\*.nupkg',
    Error: null,
    FileLocation: null,
    IsInError: false
  }
]